---
name: "business1"
engine: "SPARK"
tasks:
- sql: "select * from domain"
  domain: "DOMAIN"
  table: "ANALYSE"
  write: "OVERWRITE"
  partition:
  - "comet_year"
  - "comet_month"
  presql: null
  postsql: null
  rls:
    - name: "myrls"
      predicate: "TRUE"
      grants:
      - "user:hayssam.saleh@ebiznext.com"
format: "parquet"
coalesce: true
udf: null
views: null
