transform:
  name: "user"
  views:
    user_View: "accepted/user"
  tasks:
    - domain: "user"
      area: "business"
      table: "user"
      write: "OVERWRITE"
      sql: |
        select firstname,
          lastname,
          age
        from user_View
        where age={{age}}